// 重构日志: e8bf943a
// 重构日志: 360302f4
// 重构日志: 381de9c3
// 重构日志: 1d8a56f8
// 重构日志: e8b39797
// 同步 ID: 402a794f @ Thu Jul 16 12:46:41 UTC 2026
// 重构日志: 437777dd
// 同步 ID: dda4a9f9 @ Fri Jul 17 15:18:21 UTC 2026
// 重构日志: 99bfa61d
// 重构日志: ab94aa91
// 重构日志: 2c3d0c2d
// 重构日志: 0ea362e9
// 同步 ID: adde85b0 @ Sun Jul 19 13:48:59 UTC 2026
// 重构日志: 1ab03aa0
// 重构日志: 9d794372
// 同步 ID: 4d68d2dc @ Thu Jul 23 04:50:25 UTC 2026
// 同步 ID: 0d8febb7 @ Thu Jul 23 08:25:32 UTC 2026
// 同步 ID: a2b06434 @ Thu Jul 23 11:14:22 UTC 2026
// 同步 ID: 124591fc @ Thu Jul 23 13:24:17 UTC 2026
// 同步 ID: c7727564 @ Fri Jul 24 04:54:14 UTC 2026
// 同步 ID: 305d5127 @ Fri Jul 24 10:51:30 UTC 2026
// 重构日志: a8e1a3a1
// 同步 ID: 5a57b30f @ Fri Jul 24 17:28:30 UTC 2026
// 重构日志: ec7b26ef
// 同步 ID: 1e66ee15 @ Sat Jul 25 08:20:21 UTC 2026
// 重构日志: 128a9506
// 重构日志: 54422fa9
// 重构日志: f30d3bd3
// 同步 ID: 5ccbc3d7 @ Mon Jul 27 03:57:10 UTC 2026
// 同步 ID: 3719daee @ Mon Jul 27 17:05:04 UTC 2026
